> Task :buildSrc:checkKotlinGradlePluginConfigurationErrors SKIPPED
> Task :buildSrc:generateExternalPluginSpecBuilders UP-TO-DATE
> Task :buildSrc:extractPrecompiledScriptPluginPlugins UP-TO-DATE
> Task :buildSrc:compilePluginsBlocks UP-TO-DATE
> Task :buildSrc:generatePrecompiledScriptPluginAccessors UP-TO-DATE
> Task :buildSrc:generateScriptPluginAdapters UP-TO-DATE
> Task :buildSrc:compileKotlin UP-TO-DATE
> Task :buildSrc:compileJava NO-SOURCE
> Task :buildSrc:compileGroovy NO-SOURCE
> Task :buildSrc:pluginDescriptors UP-TO-DATE
> Task :buildSrc:processResources UP-TO-DATE
> Task :buildSrc:classes UP-TO-DATE
> Task :buildSrc:jar UP-TO-DATE

> Configure project :
paperweight-patcher v2.0.0-SNAPSHOT (running on 'Windows 11')

> Configure project :btccore-server
paperweight-core v2.0.0-SNAPSHOT (running on 'Windows 11')

> Task :btccore-api:compileJava UP-TO-DATE

> Task :btccore-server:compileJava
.\gradlew.bat : D:\GitHub\BTC-CORE\btccore-server\src\minecraft\java\net\minecraft\world\level\Level.java:1060: 
warning: [removal] CapturedBlockState in org.bukkit.craftbukkit.block has been deprecated and marked for removal
Au caractère Ligne:1 : 1
+ .\gradlew.bat btccore-server:compileJava > build_output.txt 2>&1
+ ~~~~~~~~~~~~~~~~~~~~~~~~~~~~~~~~~~~~~~~~~~~~~~~~~~~~~~~~~~~~~~~~
    + CategoryInfo          : NotSpecified: (D:\GitHub\BTC-C...ked for removal:String) [], RemoteException
    + FullyQualifiedErrorId : NativeCommandError
 
                blockstate = org.bukkit.craftbukkit.block.CapturedBlockState.getTreeBlockState(this, pos, flags);
                                                         ^
D:\GitHub\BTC-CORE\btccore-server\src\minecraft\java\net\minecraft\world\level\Level.java:1269: error: cannot find 
symbol
        state.neighborChanged(this, pos, block, orientation, movedByPiston);
             ^
  symbol:   method neighborChanged(Level,BlockPos,Block,Orientation,boolean)
  location: variable state of type BlockState
D:\GitHub\BTC-CORE\paper-server-new\src\main\java\org\bukkit\craftbukkit\CraftServer.java:2760: warning: [removal] 
spigot() in Server has been deprecated and marked for removal
    public org.bukkit.Server.Spigot spigot() {
                                    ^
D:\GitHub\BTC-CORE\paper-server-new\src\main\java\org\bukkit\craftbukkit\CraftServer.java:275: warning: [removal] 
SimplePluginManager in org.bukkit.plugin has been deprecated and marked for removal
    private final SimplePluginManager pluginManager; // Paper - Move down
                  ^
D:\GitHub\BTC-CORE\paper-server-new\src\main\java\org\bukkit\craftbukkit\CraftServer.java:416: warning: [removal] 
SimplePluginManager in org.bukkit.plugin has been deprecated and marked for removal
        this.pluginManager = new SimplePluginManager(this, commandMap);
                                 ^
D:\GitHub\BTC-CORE\paper-server-new\src\main\java\org\bukkit\craftbukkit\CraftServer.java:2696: warning: [removal] 
<T>getRegistry(Class<T>) in RegistryAccess has been deprecated and marked for removal
        return io.papermc.paper.registry.RegistryAccess.registryAccess().getRegistry(aClass);
                                                                        ^
  where T is a type-variable:
    T extends Keyed declared in method <T>getRegistry(Class<T>)
D:\GitHub\BTC-CORE\paper-server-new\src\main\java\org\bukkit\craftbukkit\CraftServer.java:2721: warning: [removal] 
getConfig() in Spigot has been deprecated and marked for removal
        public YamlConfiguration getConfig() {
                                 ^
D:\GitHub\BTC-CORE\paper-server-new\src\main\java\org\bukkit\craftbukkit\CraftServer.java:2726: warning: [removal] 
getBukkitConfig() in Spigot has been deprecated and marked for removal
        public YamlConfiguration getBukkitConfig() {
                                 ^
D:\GitHub\BTC-CORE\paper-server-new\src\main\java\org\bukkit\craftbukkit\CraftServer.java:2731: warning: [removal] 
getSpigotConfig() in Spigot has been deprecated and marked for removal
        public YamlConfiguration getSpigotConfig() {
                                 ^
D:\GitHub\BTC-CORE\paper-server-new\src\main\java\org\bukkit\craftbukkit\CraftServer.java:2736: warning: [removal] 
getPaperConfig() in Spigot has been deprecated and marked for removal
        public YamlConfiguration getPaperConfig() {
                                 ^
D:\GitHub\BTC-CORE\paper-server-new\src\main\java\org\bukkit\craftbukkit\CraftServer.java:2741: warning: [removal] 
restart() in Spigot has been deprecated and marked for removal
        public void restart() {
                    ^
D:\GitHub\BTC-CORE\paper-server-new\src\main\java\io\papermc\paper\command\brigadier\PaperCommandSourceStack.java:15: 
warning: [removal] BukkitBrigadierCommandSource in com.destroystokyo.paper.brigadier has been deprecated and marked 
for removal
public interface PaperCommandSourceStack extends CommandSourceStack, BukkitBrigadierCommandSource {
                                                                     ^
D:\GitHub\BTC-CORE\btccore-server\src\minecraft\java\net\minecraft\server\level\ServerPlayer.java:2621: warning: 
[removal] PlayerSpawnChangeEvent in org.bukkit.event.player has been deprecated and marked for removal
        org.bukkit.event.player.PlayerSpawnChangeEvent dumbEvent = new org.bukkit.event.player.PlayerSpawnChangeEvent(
                               ^
D:\GitHub\BTC-CORE\btccore-server\src\minecraft\java\net\minecraft\server\level\ServerPlayer.java:2621: warning: 
[removal] PlayerSpawnChangeEvent in org.bukkit.event.player has been deprecated and marked for removal
        org.bukkit.event.player.PlayerSpawnChangeEvent dumbEvent = new org.bukkit.event.player.PlayerSpawnChangeEvent(
                                                                                              ^
D:\GitHub\BTC-CORE\btccore-server\src\minecraft\java\net\minecraft\server\level\ServerPlayer.java:2626: warning: 
[removal] PlayerSpawnChangeEvent in org.bukkit.event.player has been deprecated and marked for removal
                ? org.bukkit.event.player.PlayerSpawnChangeEvent.Cause.RESET
                                         ^
D:\GitHub\BTC-CORE\btccore-server\src\minecraft\java\net\minecraft\server\level\ServerPlayer.java:2627: warning: 
[removal] PlayerSpawnChangeEvent in org.bukkit.event.player has been deprecated and marked for removal
                : org.bukkit.event.player.PlayerSpawnChangeEvent.Cause.valueOf(cause.name())
                                         ^
D:\GitHub\BTC-CORE\paper-server-new\src\main\java\org\bukkit\craftbukkit\entity\CraftEntity.java:561: warning: 
[removal] setLastDamageCause(@org.jetbrains.annotations.Nullable EntityDamageEvent) in Entity has been deprecated and 
marked for removal
    public void setLastDamageCause(EntityDamageEvent event) {
                ^
D:\GitHub\BTC-CORE\paper-server-new\src\main\java\org\bukkit\craftbukkit\entity\CraftLivingEntity.java:924: warning: 
[removal] getCategory() in LivingEntity has been deprecated and marked for removal
    public EntityCategory getCategory() {
                          ^
D:\GitHub\BTC-CORE\paper-server-new\src\main\java\org\bukkit\craftbukkit\entity\CraftLivingEntity.java:346: warning: 
[removal] setItemInUseTicks(int) in LivingEntity has been deprecated and marked for removal
    public void setItemInUseTicks(int ticks) {
                ^
D:\GitHub\BTC-CORE\paper-server-new\src\main\java\org\bukkit\craftbukkit\entity\CraftLivingEntity.java:341: warning: 
[removal] getItemInUseTicks() in LivingEntity has been deprecated and marked for removal
    public int getItemInUseTicks() {
               ^
D:\GitHub\BTC-CORE\paper-server-new\src\main\java\org\bukkit\craftbukkit\entity\CraftLivingEntity.java:335: warning: 
[removal] getItemInUse() in LivingEntity has been deprecated and marked for removal
    public ItemStack getItemInUse() {
                     ^
D:\GitHub\BTC-CORE\paper-server-new\src\main\java\org\bukkit\craftbukkit\entity\CraftLivingEntity.java:265: warning: 
[removal] getTargetEntityInfo(int,boolean) in LivingEntity has been deprecated and marked for removal
    public com.destroystokyo.paper.entity.TargetEntityInfo getTargetEntityInfo(int maxDistance, boolean ignoreBlocks) {
                                                           ^
D:\GitHub\BTC-CORE\paper-server-new\src\main\java\org\bukkit\craftbukkit\entity\CraftLivingEntity.java:252: warning: 
[removal] getTargetBlockInfo(int,@org.jetbrains.annotations.NotNull FluidMode) in LivingEntity has been deprecated and 
marked for removal
    public com.destroystokyo.paper.block.TargetBlockInfo getTargetBlockInfo(int maxDistance, 
com.destroystokyo.paper.block.TargetBlockInfo.FluidMode fluidMode) {
                                                         ^
D:\GitHub\BTC-CORE\paper-server-new\src\main\java\org\bukkit\craftbukkit\entity\CraftLivingEntity.java:241: warning: 
[removal] getTargetBlockFace(int,@org.jetbrains.annotations.NotNull FluidMode) in LivingEntity has been deprecated and 
marked for removal
    public org.bukkit.block.BlockFace getTargetBlockFace(int maxDistance, 
com.destroystokyo.paper.block.TargetBlockInfo.FluidMode fluidMode) {
                                      ^
D:\GitHub\BTC-CORE\paper-server-new\src\main\java\org\bukkit\craftbukkit\entity\CraftLivingEntity.java:236: warning: 
[removal] getTargetBlock(int,@org.jetbrains.annotations.NotNull FluidMode) in LivingEntity has been deprecated and 
marked for removal
    public Block getTargetBlock(int maxDistance, com.destroystokyo.paper.block.TargetBlockInfo.FluidMode fluidMode) {
                 ^
D:\GitHub\BTC-CORE\paper-server-new\src\main\java\org\bukkit\craftbukkit\entity\CraftLivingEntity.java:236: warning: 
[removal] TargetBlockInfo in com.destroystokyo.paper.block has been deprecated and marked for removal
    public Block getTargetBlock(int maxDistance, com.destroystokyo.paper.block.TargetBlockInfo.FluidMode fluidMode) {
                                                                              ^
D:\GitHub\BTC-CORE\paper-server-new\src\main\java\org\bukkit\craftbukkit\entity\CraftLivingEntity.java:236: warning: 
[removal] FluidMode in TargetBlockInfo has been deprecated and marked for removal
    public Block getTargetBlock(int maxDistance, com.destroystokyo.paper.block.TargetBlockInfo.FluidMode fluidMode) {
                                                                                              ^
D:\GitHub\BTC-CORE\paper-server-new\src\main\java\org\bukkit\craftbukkit\entity\CraftLivingEntity.java:241: warning: 
[removal] TargetBlockInfo in com.destroystokyo.paper.block has been deprecated and marked for removal
    public org.bukkit.block.BlockFace getTargetBlockFace(int maxDistance, 
com.destroystokyo.paper.block.TargetBlockInfo.FluidMode fluidMode) {
                                                                                                       ^
D:\GitHub\BTC-CORE\paper-server-new\src\main\java\org\bukkit\craftbukkit\entity\CraftLivingEntity.java:241: warning: 
[removal] FluidMode in TargetBlockInfo has been deprecated and marked for removal
    public org.bukkit.block.BlockFace getTargetBlockFace(int maxDistance, 
com.destroystokyo.paper.block.TargetBlockInfo.FluidMode fluidMode) {
                                                                                                                       
^
D:\GitHub\BTC-CORE\paper-server-new\src\main\java\org\bukkit\craftbukkit\entity\CraftLivingEntity.java:252: warning: 
[removal] TargetBlockInfo in com.destroystokyo.paper.block has been deprecated and marked for removal
    public com.destroystokyo.paper.block.TargetBlockInfo getTargetBlockInfo(int maxDistance, 
com.destroystokyo.paper.block.TargetBlockInfo.FluidMode fluidMode) {
                                        ^
D:\GitHub\BTC-CORE\paper-server-new\src\main\java\org\bukkit\craftbukkit\entity\CraftLivingEntity.java:252: warning: 
[removal] TargetBlockInfo in com.destroystokyo.paper.block has been deprecated and marked for removal
    public com.destroystokyo.paper.block.TargetBlockInfo getTargetBlockInfo(int maxDistance, 
com.destroystokyo.paper.block.TargetBlockInfo.FluidMode fluidMode) {
                                                                                                                       
   ^
D:\GitHub\BTC-CORE\paper-server-new\src\main\java\org\bukkit\craftbukkit\entity\CraftLivingEntity.java:252: warning: 
[removal] FluidMode in TargetBlockInfo has been deprecated and marked for removal
    public com.destroystokyo.paper.block.TargetBlockInfo getTargetBlockInfo(int maxDistance, 
com.destroystokyo.paper.block.TargetBlockInfo.FluidMode fluidMode) {
                                                                                                                       
                   ^
D:\GitHub\BTC-CORE\paper-server-new\src\main\java\org\bukkit\craftbukkit\entity\CraftLivingEntity.java:255: warning: 
[removal] TargetBlockInfo in com.destroystokyo.paper.block has been deprecated and marked for removal
            return new com.destroystokyo.paper.block.TargetBlockInfo(result.getHitBlock(), result.getHitBlockFace());
                                                    ^
D:\GitHub\BTC-CORE\paper-server-new\src\main\java\org\bukkit\craftbukkit\entity\CraftLivingEntity.java:265: warning: 
[removal] TargetEntityInfo in com.destroystokyo.paper.entity has been deprecated and marked for removal
    public com.destroystokyo.paper.entity.TargetEntityInfo getTargetEntityInfo(int maxDistance, boolean ignoreBlocks) {
                                         ^
D:\GitHub\BTC-CORE\paper-server-new\src\main\java\org\bukkit\craftbukkit\entity\CraftLivingEntity.java:267: warning: 
[removal] TargetEntityInfo in com.destroystokyo.paper.entity has been deprecated and marked for removal
        return rayTrace == null ? null : new 
com.destroystokyo.paper.entity.TargetEntityInfo(rayTrace.getEntity().getBukkitEntity(), new 
org.bukkit.util.Vector(rayTrace.getLocation().x, rayTrace.getLocation().y, rayTrace.getLocation().z));
                                                                           ^
D:\GitHub\BTC-CORE\paper-server-new\src\main\java\org\bukkit\craftbukkit\entity\CraftHumanEntity.java:610: warning: 
[removal] setWindowProperty(Property,int) in HumanEntity has been deprecated and marked for removal
    public boolean setWindowProperty(InventoryView.Property prop, int value) {
                   ^
D:\GitHub\BTC-CORE\paper-server-new\src\main\java\org\bukkit\craftbukkit\entity\CraftHumanEntity.java:610: warning: 
[removal] Property in InventoryView has been deprecated and marked for removal
    public boolean setWindowProperty(InventoryView.Property prop, int value) {
                                                  ^
D:\GitHub\BTC-CORE\paper-server-new\src\main\java\org\bukkit\craftbukkit\inventory\CraftAbstractInventoryView.java:227:
 warning: [removal] Property in InventoryView has been deprecated and marked for removal
    public boolean setProperty(@NotNull final Property prop, final int value) {
                                              ^
D:\GitHub\BTC-CORE\paper-server-new\src\main\java\org\bukkit\craftbukkit\inventory\CraftAbstractInventoryView.java:228:
 warning: [removal] setWindowProperty(Property,int) in HumanEntity has been deprecated and marked for removal
        return this.getPlayer().setWindowProperty(prop, value);
                               ^
D:\GitHub\BTC-CORE\btccore-server\src\minecraft\java\com\mojang\brigadier\exceptions\CommandSyntaxException.java:80: 
warning: [removal] PaperBrigadier in io.papermc.paper.brigadier has been deprecated and marked for removal
        return io.papermc.paper.brigadier.PaperBrigadier.componentFromMessage(this.message);
                                         ^
D:\GitHub\BTC-CORE\paper-server-new\src\main\java\org\bukkit\craftbukkit\inventory\CraftInventoryAnvil.java:74: 
warning: [removal] setMaximumRepairCost(int) in AnvilInventory has been deprecated and marked for removal
    public void setMaximumRepairCost(int levels) {
                ^
D:\GitHub\BTC-CORE\paper-server-new\src\main\java\org\bukkit\craftbukkit\inventory\CraftInventoryAnvil.java:68: 
warning: [removal] getMaximumRepairCost() in AnvilInventory has been deprecated and marked for removal
    public int getMaximumRepairCost() {
               ^
D:\GitHub\BTC-CORE\paper-server-new\src\main\java\org\bukkit\craftbukkit\inventory\CraftInventoryAnvil.java:62: 
warning: [removal] setRepairCost(int) in AnvilInventory has been deprecated and marked for removal
    public void setRepairCost(int i) {
                ^
D:\GitHub\BTC-CORE\paper-server-new\src\main\java\org\bukkit\craftbukkit\inventory\CraftInventoryAnvil.java:56: 
warning: [removal] getRepairCost() in AnvilInventory has been deprecated and marked for removal
    public int getRepairCost() {
               ^
D:\GitHub\BTC-CORE\paper-server-new\src\main\java\org\bukkit\craftbukkit\inventory\CraftInventoryAnvil.java:50: 
warning: [removal] setRepairCostAmount(int) in AnvilInventory has been deprecated and marked for removal
    public void setRepairCostAmount(int amount) {
                ^
D:\GitHub\BTC-CORE\paper-server-new\src\main\java\org\bukkit\craftbukkit\inventory\CraftInventoryAnvil.java:44: 
warning: [removal] getRepairCostAmount() in AnvilInventory has been deprecated and marked for removal
    public int getRepairCostAmount() {
               ^
D:\GitHub\BTC-CORE\paper-server-new\src\main\java\org\bukkit\craftbukkit\inventory\CraftInventoryAnvil.java:38: 
warning: [removal] getRenameText() in AnvilInventory has been deprecated and marked for removal
    public String getRenameText() {
                  ^
D:\GitHub\BTC-CORE\btccore-server\src\minecraft\java\net\minecraft\world\level\levelgen\Heightmap.java:48: warning: 
[removal] getHighestSectionPosition() in ChunkAccess has been deprecated and marked for removal
            int i = chunk.getHighestSectionPosition() + 16;
                         ^
D:\GitHub\BTC-CORE\paper-server-new\src\main\java\org\bukkit\craftbukkit\block\CraftBlockState.java:292: warning: 
[removal] setRawData(byte) in BlockState has been deprecated and marked for removal
    public void setRawData(byte data) {
                ^
D:\GitHub\BTC-CORE\paper-server-new\src\main\java\org\bukkit\craftbukkit\block\CraftBlockState.java:268: warning: 
[removal] getRawData() in BlockState has been deprecated and marked for removal
    public byte getRawData() {
                ^
D:\GitHub\BTC-CORE\paper-server-new\src\main\java\org\bukkit\craftbukkit\block\CraftBlockState.java:154: warning: 
[removal] setData(@org.jetbrains.annotations.NotNull MaterialData) in BlockState has been deprecated and marked for 
removal
    public void setData(final MaterialData data) {
                ^
D:\GitHub\BTC-CORE\paper-server-new\src\main\java\org\bukkit\craftbukkit\block\CraftBlockState.java:166: warning: 
[removal] getData() in BlockState has been deprecated and marked for removal
    public MaterialData getData() {
                        ^
D:\GitHub\BTC-CORE\paper-server-new\src\main\java\org\bukkit\craftbukkit\block\CraftBlockState.java:154: warning: 
[removal] MaterialData in org.bukkit.material has been deprecated and marked for removal
    public void setData(final MaterialData data) {
                              ^
D:\GitHub\BTC-CORE\paper-server-new\src\main\java\org\bukkit\craftbukkit\block\CraftBlockState.java:160: warning: 
[removal] MaterialData in org.bukkit.material has been deprecated and marked for removal
            Preconditions.checkArgument((data.getClass() == mat.getData()) || (data.getClass() == MaterialData.class), 
"Provided data is not of type %s, found %s", mat.getData().getName(), data.getClass().getName());
                                                                                                  ^
D:\GitHub\BTC-CORE\paper-server-new\src\main\java\org\bukkit\craftbukkit\block\CraftBlockState.java:166: warning: 
[removal] MaterialData in org.bukkit.material has been deprecated and marked for removal
    public MaterialData getData() {
           ^
D:\GitHub\BTC-CORE\paper-server-new\src\main\java\org\bukkit\craftbukkit\block\CraftBlockEntityState.java:57: warning: 
[removal] ThreadDeath in java.lang has been deprecated and marked for removal
            if (thr instanceof ThreadDeath) {
                               ^
D:\GitHub\BTC-CORE\paper-server-new\src\main\java\org\bukkit\craftbukkit\block\CraftBlockEntityState.java:58: warning: 
[removal] ThreadDeath in java.lang has been deprecated and marked for removal
                throw (ThreadDeath)thr;
                       ^
D:\GitHub\BTC-CORE\paper-server-new\src\main\java\org\bukkit\craftbukkit\CraftRegionAccessor.java:83: warning: 
[removal] CUSTOM in Biome has been deprecated and marked for removal
        Preconditions.checkArgument(biome != Biome.CUSTOM, "Cannot set the biome to %s", biome);
                                                  ^
D:\GitHub\BTC-CORE\paper-server-new\src\main\java\org\bukkit\craftbukkit\CraftWorld.java:1665: warning: [removal] 
setGameRuleValue(@org.jetbrains.annotations.NotNull String,@org.jetbrains.annotations.NotNull String) in World has 
been deprecated and marked for removal
    public boolean setGameRuleValue(String rule, String value) {
                   ^
D:\GitHub\BTC-CORE\paper-server-new\src\main\java\org\bukkit\craftbukkit\CraftWorld.java:1649: warning: [removal] 
getGameRuleValue(@org.jetbrains.annotations.Nullable String) in World has been deprecated and marked for removal
    public String getGameRuleValue(String rule) {
                  ^
D:\GitHub\BTC-CORE\paper-server-new\src\main\java\org\bukkit\craftbukkit\CraftWorld.java:1299: warning: [removal] 
spawnFallingBlock(@org.jetbrains.annotations.NotNull Location,@org.jetbrains.annotations.NotNull Material,byte) in 
World has been deprecated and marked for removal
    public FallingBlock spawnFallingBlock(Location location, org.bukkit.Material material, byte data) throws 
IllegalArgumentException {
                        ^
D:\GitHub\BTC-CORE\paper-server-new\src\main\java\org\bukkit\craftbukkit\CraftWorld.java:1293: warning: [removal] 
spawnFallingBlock(@org.jetbrains.annotations.NotNull Location,@org.jetbrains.annotations.NotNull MaterialData) in 
World has been deprecated and marked for removal
    public FallingBlock spawnFallingBlock(Location location, MaterialData data) throws IllegalArgumentException {
                        ^
D:\GitHub\BTC-CORE\paper-server-new\src\main\java\org\bukkit\craftbukkit\CraftWorld.java:1293: warning: [removal] 
MaterialData in org.bukkit.material has been deprecated and marked for removal
    public FallingBlock spawnFallingBlock(Location location, MaterialData data) throws IllegalArgumentException {
                                                             ^
D:\GitHub\BTC-CORE\paper-server-new\src\main\java\org\bukkit\craftbukkit\CraftWorld.java:1655: warning: [removal] 
<T>getByName(@org.jetbrains.annotations.NotNull String) in GameRule has been deprecated and marked for removal
        org.bukkit.GameRule<?> bukkit = org.bukkit.GameRule.getByName(rule);
                                                           ^
  where T is a type-variable:
    T extends Object declared in method <T>getByName(@org.jetbrains.annotations.NotNull String)
D:\GitHub\BTC-CORE\paper-server-new\src\main\java\org\bukkit\craftbukkit\CraftWorld.java:1669: warning: [removal] 
<T>getByName(@org.jetbrains.annotations.NotNull String) in GameRule has been deprecated and marked for removal
        org.bukkit.GameRule<?> bukkit = org.bukkit.GameRule.getByName(rule);
                                                           ^
  where T is a type-variable:
    T extends Object declared in method <T>getByName(@org.jetbrains.annotations.NotNull String)
D:\GitHub\BTC-CORE\paper-server-new\src\main\java\org\bukkit\craftbukkit\CraftWorld.java:1693: warning: [removal] 
<T>getByName(@org.jetbrains.annotations.NotNull String) in GameRule has been deprecated and marked for removal
        org.bukkit.GameRule<?> bukkit = org.bukkit.GameRule.getByName(rule);
                                                           ^
  where T is a type-variable:
    T extends Object declared in method <T>getByName(@org.jetbrains.annotations.NotNull String)
D:\GitHub\BTC-CORE\paper-server-new\src\main\java\org\bukkit\craftbukkit\CraftWorld.java:1976: warning: [removal] 
Spigot in World has been deprecated and marked for removal
    private final org.bukkit.World.Spigot spigot = new org.bukkit.World.Spigot() {
                                  ^
D:\GitHub\BTC-CORE\paper-server-new\src\main\java\org\bukkit\craftbukkit\CraftWorld.java:1976: warning: [removal] 
Spigot in World has been deprecated and marked for removal
    private final org.bukkit.World.Spigot spigot = new org.bukkit.World.Spigot() {
                                                                       ^
D:\GitHub\BTC-CORE\paper-server-new\src\main\java\org\bukkit\craftbukkit\CraftWorld.java:1989: warning: [removal] 
Spigot in World has been deprecated and marked for removal
    public org.bukkit.World.Spigot spigot() {
                           ^
D:\GitHub\BTC-CORE\paper-server-new\src\main\java\org\bukkit\craftbukkit\block\CraftBlock.java:702: warning: [removal] 
getTranslationKey() in Block has been deprecated and marked for removal
    public String getTranslationKey() {
                  ^
D:\GitHub\BTC-CORE\paper-server-new\src\main\java\org\bukkit\craftbukkit\block\CraftBlock.java:713: warning: [removal] 
getSoundGroup() in Block has been deprecated and marked for removal
    public com.destroystokyo.paper.block.BlockSoundGroup getSoundGroup() {
                                                         ^
D:\GitHub\BTC-CORE\paper-server-new\src\main\java\org\bukkit\craftbukkit\block\CraftBlock.java:727: warning: [removal] 
isValidTool(@org.jetbrains.annotations.NotNull ItemStack) in Block has been deprecated and marked for removal
    public boolean isValidTool(ItemStack itemStack) {
                   ^
D:\GitHub\BTC-CORE\paper-server-new\src\main\java\org\bukkit\craftbukkit\block\CraftBlock.java:162: warning: [removal] 
getData() in Block has been deprecated and marked for removal
    public byte getData() {
                ^
D:\GitHub\BTC-CORE\paper-server-new\src\main\java\org\bukkit\craftbukkit\block\CraftBlock.java:702: warning: [removal] 
getTranslationKey() in Translatable has been deprecated and marked for removal
    public String getTranslationKey() {
                  ^
D:\GitHub\BTC-CORE\paper-server-new\src\main\java\org\bukkit\craftbukkit\block\CraftBlock.java:410: warning: [removal] 
getData() in Block has been deprecated and marked for removal
            return Math.max(power, relative.getData()) > 0; // todo remove legacy usage
                                           ^
D:\GitHub\BTC-CORE\paper-server-new\src\main\java\org\bukkit\craftbukkit\block\CraftBlock.java:713: warning: [removal] 
BlockSoundGroup in com.destroystokyo.paper.block has been deprecated and marked for removal
    public com.destroystokyo.paper.block.BlockSoundGroup getSoundGroup() {
                                        ^
D:\GitHub\BTC-CORE\paper-server-new\src\main\java\org\bukkit\craftbukkit\block\CraftBlock.java:714: warning: [removal] 
CraftBlockSoundGroup in com.destroystokyo.paper.block has been deprecated and marked for removal
        return new 
com.destroystokyo.paper.block.CraftBlockSoundGroup(getNMS().getBlock().defaultBlockState().getSoundType());
                                                ^
D:\GitHub\BTC-CORE\btccore-server\src\minecraft\java\net\minecraft\world\level\levelgen\placement\NoiseBasedCountPlacem
ent.java:35: warning: [removal] BIOME_INFO_NOISE in Biome has been deprecated and marked for removal
        double value = Biome.BIOME_INFO_NOISE.getValue(pos.getX() / this.noiseFactor, pos.getZ() / this.noiseFactor, 
false);
                            ^
D:\GitHub\BTC-CORE\btccore-server\src\minecraft\java\net\minecraft\world\level\levelgen\placement\NoiseThresholdCountPl
acement.java:35: warning: [removal] BIOME_INFO_NOISE in Biome has been deprecated and marked for removal
        double value = Biome.BIOME_INFO_NOISE.getValue(pos.getX() / 200.0, pos.getZ() / 200.0, false);
                            ^
D:\GitHub\BTC-CORE\btccore-server\src\minecraft\java\net\minecraft\world\level\biome\BiomeSpecialEffects.java:89: 
warning: [removal] BIOME_INFO_NOISE in Biome has been deprecated and marked for removal
                double value = Biome.BIOME_INFO_NOISE.getValue(x * 0.0225, z * 0.0225, false);
                                    ^
D:\GitHub\BTC-CORE\paper-server-new\src\main\java\org\bukkit\craftbukkit\entity\CraftPlayer.java:2192: warning: 
[removal] Conversation in org.bukkit.conversations has been deprecated and marked for removal
    public boolean beginConversation(Conversation conversation) {
                                     ^
D:\GitHub\BTC-CORE\paper-server-new\src\main\java\org\bukkit\craftbukkit\entity\CraftPlayer.java:2197: warning: 
[removal] Conversation in org.bukkit.conversations has been deprecated and marked for removal
    public void abandonConversation(Conversation conversation) {
                                    ^
D:\GitHub\BTC-CORE\paper-server-new\src\main\java\org\bukkit\craftbukkit\entity\CraftPlayer.java:2198: warning: 
[removal] ConversationAbandonedEvent in org.bukkit.conversations has been deprecated and marked for removal
        this.conversationTracker.abandonConversation(conversation, new ConversationAbandonedEvent(conversation, new 
ManuallyAbandonedConversationCanceller()));
                                                                       ^
D:\GitHub\BTC-CORE\paper-server-new\src\main\java\org\bukkit\craftbukkit\entity\CraftPlayer.java:2198: warning: 
[removal] ManuallyAbandonedConversationCanceller in org.bukkit.conversations has been deprecated and marked for removal
        this.conversationTracker.abandonConversation(conversation, new ConversationAbandonedEvent(conversation, new 
ManuallyAbandonedConversationCanceller()));
                                                                                                                    ^
D:\GitHub\BTC-CORE\paper-server-new\src\main\java\org\bukkit\craftbukkit\entity\CraftPlayer.java:2202: warning: 
[removal] Conversation in org.bukkit.conversations has been deprecated and marked for removal
    public void abandonConversation(Conversation conversation, ConversationAbandonedEvent details) {
                                    ^
D:\GitHub\BTC-CORE\paper-server-new\src\main\java\org\bukkit\craftbukkit\entity\CraftPlayer.java:2202: warning: 
[removal] ConversationAbandonedEvent in org.bukkit.conversations has been deprecated and marked for removal
    public void abandonConversation(Conversation conversation, ConversationAbandonedEvent details) {
                                                               ^
D:\GitHub\BTC-CORE\paper-server-new\src\main\java\org\bukkit\craftbukkit\entity\CraftPlayer.java:2414: warning: 
[removal] Property in InventoryView has been deprecated and marked for removal
    public boolean setWindowProperty(Property prop, int value) {
                                     ^
D:\GitHub\BTC-CORE\paper-server-new\src\main\java\org\bukkit\craftbukkit\map\CraftMapCanvas.java:79: warning: 
[removal] getBasePixel(int,int) in MapCanvas has been deprecated and marked for removal
    public byte getBasePixel(int x, int y) {
                ^
D:\GitHub\BTC-CORE\paper-server-new\src\main\java\org\bukkit\craftbukkit\map\CraftMapCanvas.java:72: warning: 
[removal] getPixel(int,int) in MapCanvas has been deprecated and marked for removal
    public byte getPixel(int x, int y) {
                ^
D:\GitHub\BTC-CORE\paper-server-new\src\main\java\org\bukkit\craftbukkit\map\CraftMapCanvas.java:43: warning: 
[removal] matchColor(@org.jetbrains.annotations.NotNull Color) in MapPalette has been deprecated and marked for removal
        this.setPixel(x, y, (color == null) ? -1 : MapPalette.matchColor(color));
                                                             ^
D:\GitHub\BTC-CORE\paper-server-new\src\main\java\org\bukkit\craftbukkit\map\CraftMapCanvas.java:53: warning: 
[removal] getColor(byte) in MapPalette has been deprecated and marked for removal
        return MapPalette.getColor(pixel);
                         ^
D:\GitHub\BTC-CORE\paper-server-new\src\main\java\org\bukkit\craftbukkit\map\CraftMapCanvas.java:58: warning: 
[removal] getColor(byte) in MapPalette has been deprecated and marked for removal
        return MapPalette.getColor(this.getBasePixel(x, y));
                         ^
D:\GitHub\BTC-CORE\paper-server-new\src\main\java\org\bukkit\craftbukkit\map\CraftMapCanvas.java:128: warning: 
[removal] imageToBytes(@org.jetbrains.annotations.NotNull Image) in MapPalette has been deprecated and marked for 
removal
        byte[] bytes = MapPalette.imageToBytes(temp);
                                 ^
D:\GitHub\BTC-CORE\paper-server-new\src\main\java\org\bukkit\craftbukkit\conversations\ConversationTracker.java:12: 
warning: [removal] Conversation in org.bukkit.conversations has been deprecated and marked for removal
    private LinkedList<Conversation> conversationQueue = new LinkedList<>();
                       ^
D:\GitHub\BTC-CORE\paper-server-new\src\main\java\org\bukkit\craftbukkit\conversations\ConversationTracker.java:14: 
warning: [removal] Conversation in org.bukkit.conversations has been deprecated and marked for removal
    public synchronized boolean beginConversation(Conversation conversation) {
                                                  ^
D:\GitHub\BTC-CORE\paper-server-new\src\main\java\org\bukkit\craftbukkit\conversations\ConversationTracker.java:26: 
warning: [removal] Conversation in org.bukkit.conversations has been deprecated and marked for removal
    public synchronized void abandonConversation(Conversation conversation, ConversationAbandonedEvent details) {
                                                 ^
D:\GitHub\BTC-CORE\paper-server-new\src\main\java\org\bukkit\craftbukkit\conversations\ConversationTracker.java:26: 
warning: [removal] ConversationAbandonedEvent in org.bukkit.conversations has been deprecated and marked for removal
    public synchronized void abandonConversation(Conversation conversation, ConversationAbandonedEvent details) {
                                                                            ^
D:\GitHub\BTC-CORE\paper-server-new\src\main\java\org\bukkit\craftbukkit\conversations\ConversationTracker.java:42: 
warning: [removal] Conversation in org.bukkit.conversations has been deprecated and marked for removal
        LinkedList<Conversation> oldQueue = this.conversationQueue;
                   ^
D:\GitHub\BTC-CORE\paper-server-new\src\main\java\org\bukkit\craftbukkit\conversations\ConversationTracker.java:43: 
warning: [removal] Conversation in org.bukkit.conversations has been deprecated and marked for removal
        this.conversationQueue = new LinkedList<Conversation>();
                                                ^
D:\GitHub\BTC-CORE\paper-server-new\src\main\java\org\bukkit\craftbukkit\conversations\ConversationTracker.java:44: 
warning: [removal] Conversation in org.bukkit.conversations has been deprecated and marked for removal
        for (Conversation conversation : oldQueue) {
             ^
D:\GitHub\BTC-CORE\paper-server-new\src\main\java\org\bukkit\craftbukkit\conversations\ConversationTracker.java:46: 
warning: [removal] ConversationAbandonedEvent in org.bukkit.conversations has been deprecated and marked for removal
                conversation.abandon(new ConversationAbandonedEvent(conversation, new 
ManuallyAbandonedConversationCanceller()));
                                         ^
Note: Some input files use or override a deprecated API.
Note: Recompile with -Xlint:deprecation for details.
Note: Some input files additionally use or override a deprecated API that is marked for removal.
Note: Some input files use unchecked or unsafe operations.
Note: Recompile with -Xlint:unchecked for details.
1 error
100 warnings

> Task :btccore-server:compileJava FAILED

[Incubating] Problems report is available at: file:///D:/GitHub/BTC-CORE/build/reports/problems/problems-report.html

FAILURE: Build failed with an exception.

* What went wrong:
Execution failed for task ':btccore-server:compileJava'.
> Compilation failed; see the compiler output below.
  D:\GitHub\BTC-CORE\btccore-server\src\minecraft\java\net\minecraft\world\level\Level.java:1060: warning: [removal] 
CapturedBlockState in org.bukkit.craftbukkit.block has been deprecated and marked for removal
                  blockstate = org.bukkit.craftbukkit.block.CapturedBlockState.getTreeBlockState(this, pos, flags);
                                                           ^
  1 error
  100 warnings

* Try:
> Run with --scan to generate a Build Scan (powered by Develocity).

BUILD FAILED in 38s
11 actionable tasks: 1 executed, 10 up-to-date
